[   .0000]nialzingcgupsubs cse
[  000000 Iitalzing cousubs cu
[  00000]nialzinggrupsubs cacct[   0.00] Linuverson .4-1-gener (ilddlg1-md64-0) gcc rson.4.00160 (Ubuntu.40-6ubuu16.04.9) 40-Ubunt SP Mo Fb 2 1:23:0UT2018Ubtu 4.4-1.140-ger 4.48)[    0000] Comma lne: BO_IGE=/otmlnuz-4..016-gneicoo=LAB=cudimrofsro cso=ttycoole=tt0[   .000] KEELuppoedpus:
[   0.0000]   nt Guinete
[   .000]   D thntAM
[   0.000   Cta CentaHas
[  000000] x86/fp xtate_ose2]:  5, tateiz[2:  2
   0000]x86/fpu: Sportg AV feaur0x1: 'x8 fatin pin regster
   0.0000]86/f: pprtin XVEfeate 02: 'S risters
[   .0000]86fp Spoting XSA fatur0x: 'A riste'    0000 x86/fu:nabl xat feare0x7, cte size  8 byt, ing 'sndrd format.
[  0.000 x86/fpuUsg 'laz FU ontext sithes.[   0.00] 820: BOS-pvied phyca RAMap
[   0000 BIOe8: [memx00000000000-000000009fb] able[   0.00] IOS-20 [mem 0x00000000fc00x000000009ff reserve
  0.0000] OS-e0:me 0x0000000000x00000000ffff] seed
[   .0000]IOe820: mem 0000000100-0x00000ffeff uble
[   .000] OSe820: emx0000003f0000x0000003ffff] AC da
[  00000]IOe80:me0x000000c000-0000000c0ff] seed
  0.00000] OS820: [m 000000e0000-0x000000fe0f] eserved[   0.0000BIOS82 [emx000000ffc000x000000ffffff] seed
[  0.0000]  (ecte Dab) roctn:acti
   0.000 SBIOS.5reent.
  0.00000]ypvisodectd: K
   0.00000] 820: lt_n  0ff mx_ar_p = 0000000
  0.0000 MR: Disled[   0.000] x/P: TRRsisled,kiing PT itlizaonoo.   0.0000]PU MRsllblk virtlied syste
  0.000000 x86AT: Coigraion 7] WB T C- U W W  UCUC
[   .0000]oud MP MP-bl a [mem 0x09f0-000fff]apd t [ffff88009fff
   0000]Scanng aeas folow emory rrtion[  0.0000]AMDISK[m 0x36c20-3755ff
[   0.00] CPI: Elytablechksm vefition disled
[  000000] PIRSP 0x000000E00 0024v0VBOX)    0000 ACP XT 0x00003FFF30003C (v0VB   VBOXXT 00001 L  00006
[    00000] ACPIFA 0x00003FF00F000F4 (04VBX   OXCP 00000 ASL  00061
[   0.0000] PIDST 0x0000FF0470 01F (v0VB   VXBS 00002 TL 2100528)
[  00000] AI:ACS 000003FFF00 0004
[  0.0000] PI: CSx0000000FF200 00
[    0.000] ACPIAPIC 0000003FFF0240005C (v02BO   VBOPI 000001 L  000001)
[  .0000] AI:SDT 000003FF02 001CC (1 BOX VXCUT00002 INTL010528)    0000 NNU cnfigatn fod[    0.00000] Fang a node t [mem 00000000000-0000000feffff
[  0.00] NODEAT0) aoced[memx3eb000xfefff][  0.000 kvmlo: Usg rs4b5601nd 4b5640
[  00000]vmlok: c 0 msr 0:3ff00 primay u cloc
  0.0000 k-clockusng sedffset  3990591cyes
  0.0000 cckource:vmclock:as 0xfffffffffff x_ycles:x1d42eff maxdlns 88159913 ns[   0.0000Zone ng:
[   00000]  DA    [me0x00000000000x000000ffff
[    0000] DM2   [m 000000010000-0x000000ffefff
    0000] Noal  emy[    0000]   Dic   ety[    0000] Mab zonstt fo echnoe
[  .0000] Elymeory deange
  0.00000] ne    [m 0x00000010-000000000efff
[  0.0000  no   0[memx000000100-0000000ffffff
[  .00000 Itmemet nde 0 [m x0000000010000x00003feff]
[  0.000] AC: -TimeIOor: 0x08
[    0000] IOIC]: apiid2, vsion2, addss0xfe00, GS 03
[    0.000] ACP I_SRCOV(bs 0 s_q  glol_q 2 dfdf
[   .0000] AI:NT_S_O (us b_irq gbal_q lo lev)[   .0000] UngACPI (DTfo SMPonguatioinrmatio
[   0000] pbot: long 2PU 0hotpg Us
[   0000] : giterenove mor [mem x0000000x0000f]
[  0.000] P Risered nav memy:mem 00f00-0x09ff
[  00000] M:Rester nave mery[memx0a000-000ff]  0.0000] M: Risred sa mmo: em0x000f000x00fff]
[    0.00] e8: em0x400000xfebfff] ailablfoPCI vis
[   .0000] Bti pariralzed rn on VM[   0.00] clcksourcerefid-ffes: ma: ffffffaxcycl: ffffff, x_id_n: 645560211568ns
[   000000] sup_pcp N_CPUS:2 _cpuskbis:51nrpuids:2 _ne_id:1[   .000] PEPUEmedded  pges/u fff88003fc000 s9448192318 10486[    0.000000] Pqsnlocha tble tries:256 rder:0,4096yt)
[  00000 Blt 1oniss in Ne der,obit groinon. ot pges:2591
[  0.000]oly on: A3
[   .0000]Keelomma le:BOOTMA=/boot/vinuz-44.0-11genec otLABEcludimrofs rcool=ttycoole=yS
[    0000 PIDastale eri: 096 rd: 3,328 tes)
[  0000000Mery: 018K10480Kavilab (30 kernecoe, 19Kwdata, 32Kodat 18Kin, 31K bs 443K reservd,0Kcm-reserv)[    00000 SLU Hlin=64Orr=0-, nOjects= Cs=2, Nes1
[    00000] rn/Uerpa tblessoaton: abd
[   0.00000 Heraric RCU ilentatn.
[   0000]	Buildimadjume of affaout to64
[   0.0000] RCU stctinCPs rom _CS=51tor_cpid2.
[  00000] U:djusngeoetryfor rc_fanout_lef=64nrpu_i=2
[  0.000] N_IS:3024r_qs:4406[   0.000] Cnse:coloourVG+ x25
[   00000]cool [tt] naled  0.0000] onso [yS0]naed
[  0000000] tsc: Detected 2903.998 MHz processor
[   29.979184] Calibrating delay loop (skipped) preset value.. 5807.99 BogoMIPS (lpj=11615992)
[   30.219158] pid_max: default: 32768 minimum: 301
[   30.359262] ACPI: Core revision 20150930
[   30.472548] ACPI: 2 ACPI AML tables successfully acquired and loaded
[   30.627276] Security Framework initialized
[   30.755866] Yama: becoming mindful.
[   30.854932] AppArmor: AppArmor initialized
[   30.985087] Dentry cache hash table entries: 131072 (order: 8, 1048576 bytes)
[   31.181473] Inode-cache hash table entries: 65536 (order: 7, 524288 bytes)
[   31.385992] Mount-cache hash table entries: 2048 (order: 2, 16384 bytes)
[   31.566938] Mountpoint-cache hash table entries: 2048 (order: 2, 16384 bytes)
[   31.714318] Initializing cgroup subsys io
[   31.837721] Initializing cgroup subsys memory
[   31.968251] Initializing cgroup subsys devices
[   32.080766] Initializing cgroup subsys freezer
[   32.194754] Initializing cgroup subsys net_cls
[   32.331695] Initializing cgroup subsys perf_event
[   32.470010] Initializing cgroup subsys net_prio
[   32.608465] Initializing cgroup subsys hugetlb
[   32.719186] Initializing cgroup subsys pids
[   32.815844] CPU: Physical Processor ID: 0
[   32.934483] CPU: Processor Core ID: 0
[   33.038971] FEATURE SPEC_CTRL Not Present
[   33.127728] mce: CPU supports 0 MCE banks
[   33.251494] Last level iTLB entries: 4KB 64, 2MB 8, 4MB 8
[   33.418626] Last level dTLB entries: 4KB 64, 2MB 0, 4MB 0, 1GB 4
[   33.610796] Spectre V2 mitigation: Mitigation: Full generic retpoline
[   33.805244] Spectre V2 mitigation: Speculation control IBPB not-supported IBRS not-supported
[   34.012464] Freeing SMP alternatives memory: 32K
[   34.156233] ftrace: allocating 32186 entries in 126 pages
[   34.373361] smpboot: APIC(0) Converting physical 0 to logical package 0
[   34.560113] smpboot: Max logical packages: 1
[   34.694873] x2apic enabled
[   34.775016] Switched APIC routing to physical x2apic.
[   34.928430] ..TIMER: vector=0x30 apic1=0 pin1=2 apic2=-1 pin2=-1
[   35.179758] smpboot: CPU0: Intel(R) Core(TM) i7-7820HQ CPU @ 2.90GHz (family: 0x6, model: 0x9e, stepping: 0x9)
[   35.480963] Performance Events: unsupported p6 CPU model 158 no PMU driver, software events only.
[   35.755970] KVM setup paravirtual spinlock
[   35.881835] x86: Booting SMP configuration:
[   36.009616] .... node  #0, CPUs:      #1
[   36.096916] kvm-clock: cpu 1, msr 0:3ffe3041, secondary cpu clock
[   36.122023] mce: CPU supports 0 MCE banks
[   36.204417] x86: Booted up 1 node, 2 CPUs
[   36.317310] smpboot: Total of 2 processors activated (11615.99 BogoMIPS)
[   36.526883] devtmpfs: initialized
[   36.624095] evm: security.selinux
[   36.725740] evm: security.SMACK64
[   36.822733] evm: security.SMACK64EXEC
[   36.926224] evm: security.SMACK64TRANSMUTE
[   37.034117] evm: security.SMACK64MMAP
[   37.113584] evm: security.ima
[   37.177861] evm: security.capability
[   37.223976] clocksource: jiffies: mask: 0xffffffff max_cycles: 0xffffffff, max_idle_ns: 7645041785100000 ns
[   37.491046] futex hash table entries: 512 (order: 3, 32768 bytes)
[   37.678373] pinctrl core: initialized pinctrl subsystem
[   37.832063] RTC time: 22:22:40, date: 02/27/18
[   37.971002] NET: Registered protocol family 16
[   38.140523] cpuidle: using governor ladder
[   38.268887] cpuidle: using governor menu
[   38.329069] PCCT header not found.
[   38.371101] ACPI: bus type PCI registered
[   38.493770] acpiphp: ACPI Hot Plug PCI Controller Driver version: 0.5
[   38.682199] PCI: Using configuration type 1 for base access
[   38.859064] ACPI: Added _OSI(Module Device)
[  38.970364] ACPI: Added _OSI(Processor Device)
[   39.120971] ACPI: Added _OSI(3.0 _SCP Extensions)
[   39.251400] ACPI: Added _OSI(Processor Aggregator Device)
[   39.407852] ACPI: Executed 1 blocks of module-level executable AML code
[   39.509008] ACPI: Interpreter enabled
[   39.611758] ACPI: (supports S0 S5)
[   39.716749] ACPI: Using IOAPIC for interrupt routing
[   39.868932] PCI: Using host bridge windows from ACPI; if necessary, use "pci=nocrs" and report a bug
[   40.138498] ACPI: PCI Root Bridge [PCI0] (domain 0000 [bus 00-ff])
[   40.320872] acpi PNP0A03:00: _OSC: OS supports [ASPM ClockPM Segments MSI]
[   40.531333] acpi PNP0A03:00: _OSC: not requesting OS control; OS requires [ExtendedConfig ASPM ClockPM MSI]
[   40.761547] acpi PNP0A03:00: fail to add MMCONFIG information, can't access extended PCI configuration space under this bridge.
[   41.107423] PCI host bridge to bus 0000:00
[   41.237273] pci_bus 0000:00: root bus resource [io  0x0000-0x0cf7 window]
[   41.440357] pci_bus 0000:00: root bus resource [io  0x0d00-0xffff window]
[   41.629352] pci_bus 0000:00: root bus resource [mem 0x000a0000-0x000bffff window]
[   41.805722] pci_bus 0000:00: root bus resource [mem 0x40000000-0xfdffffff window]
[   42.037152] pci_bus 0000:00: root bus resource [bus 00-ff]
[   42.194291] pci 0000:00:01.1: legacy IDE quirk: reg 0x10: [io  0x01f0-0x01f7]
[   42.413479] pci 0000:00:01.1: legacy IDE quirk: reg 0x14: [io  0x03f6]
[   42.618069] pci 0000:00:01.1: legacy IDE quirk: reg 0x18: [io  0x0170-0x0177]
[   42.807000] pci 0000:00:01.1: legacy IDE quirk: reg 0x1c: [io  0x0376]
[   42.979998] pci 0000:00:07.0: quirk: [io  0x4000-0x403f] claimed by PIIX4 ACPI
[   43.098653] pci 0000:00:07.0: quirk: [io  0x4100-0x410f] claimed by PIIX4 SMB
[   43.293551] ACPI: PCI Interrupt Link [LNKA] (IRQs 5 9 10 *11)
[   43.448629] ACPI: PCI Interrupt Link [LNKB] (IRQs 5 9 *10 11)
[   43.597157] ACPI: PCI Interrupt Link [LNKC] (IRQs 5 *9 10 11)
[   43.749105] ACPI: PCI Interrupt Link [LNKD] (IRQs 5 9 10 *11)
[   43.895881] ACPI: Enabled 2 GPEs in block 00 to 07
[   44.000489] vgaarb: setting as boot device: PCI:0000:00:02.0
[   44.168356] vgaarb: device added: PCI:0000:00:02.0,decodes=io+mem,owns=io+mem,locks=none
[   44.416868] vgaarb: loaded
[   44.500010] vgaarb: bridge control possible 0000:00:02.0
[   44.662946] SCSI subsystem initialized
[   44.776417] ACPI: bus type USB registered
[   44.894563] usbcore: registered new interface driver usbfs
[   45.034912] usbcore: registered new interface driver hub
[   45.155140] usbcore: registered new device driver usb
[   45.314204] PCI: Using ACPI for IRQ routing
[   45.442718] NetLabel: Initializing
[   45.552212] NetLabel:  domain hash size = 128
[   45.686419] NetLabel:  protocols = UNLABELED CIPSOv4
[   45.841372] NetLabel:  unlabeled traffic allowed by default
[   46.014334] amd_nb: Cannot enumerate AMD northbridges
[   46.136051] clocksource: Switched to clocksource kvm-clock
[   .211 AArr:ppmoFisyemnaed[   .853 p: P PIni
[ 472079] p:nPCP fnd dic
[   47.677661] clocksource: acpi_pm: mask: 0xffffff mxx_cycles: 0xffffff, max_idle_ns: 2085701024 ns
[   48.117949] NET: Registered protocol family 2
[   48.232428] TCP established hash table entries: 8192 (order: 4, 65536 bytes)
[   48.372880] TCP bind hash table entries: 8192 (order: 5, 131072 bytes)
[   48.423157] TCP: Hash tables configured (established 8192 bind 8192)
[   48.554306] UDP hash table entries: 512 (order: 2, 16384 bytes)
[   48.773652] UDP-Lite hash table entries: 512 (order: 2, 16384 bytes)
[   48.887509] NET: Registered protocol family 1
[   48.929424] pci 0000:00:00.0: Limiting direct PCI/PCI transfers
[   48.993991] pci 0000:00:01.0: Activating ISA DMA hang workarounds
[   48.995391] Unpacking initramfs...
[   50.696624] Freeing initrd memory: 10844K
[   50.804694] platform rtc_cmos: registered platform RTC device (no PNP device found)
[   51.033575] Scanning for low memory corruption every 60 seconds
[   51.157945] audit: initializing netlink subsys (disabled)
[   51.288969] audit: type=2000 audit(1519770133.651:1): initialized
[   51.469792] Initialise system trusted keyring
[   51.598649] HugeTLB registered 2 MB page size, pre-allocated 0 pages
[   1.341]zbud: ad
  1.776]scReneTSclksrccabrio 22.2 z
[  2.7848 cckur: c:ma: fffffffff x_cl: 29efbf m_ie_: 40792299s
[   2.89] FSDi qtadqt_6.

[   52.778928] VFS: Dquot-cache hash table entries: 512 (order 0, 4096 bytes)
[   52.779113] squashfs: version 4.0 (2009/01/31) Phillip Lougher
[   52.779292] fuse init (API version 7.23)
[   52.779383] Key type big_key registered
[   52.779395] Allocating IMA MOK and blacklist keyrings.
[   52.779551] Key type asymmetric registered
[   52.779552] Asymmetric key parser 'x509' registered
[   52.779578] Block layer SCSI generic (bsg) driver version 0.4 loaded (major 249)
[   52.779600] io scheduler noop registered
[   52.779602] io scheduler deadline registered (default)
[   52.779623] io scheduler cfq registered
[   52.779728] pci_hotplug: PCI Hot Plug PCI Core version: 0.5
[   52.779733] pciehp: PCI Express Hot Plug Controller Driver version: 0.4
[   52.780094] ACPI: AC Adapter [AC] (on-line)
[   52.780145] input: Power Button as /devices/LNXSYSTM:00/LNXPWRBN:00/input/input0
[   52.780148] ACPI: Power Button [PWRF]
[   52.780221] input: Sleep Button as /devices/LNXSYSTM:00/LNXSLPBN:00/input/input1
[   52.780222] ACPI: Sleep Button [SLPF]
[   52.780367] GHES: HEST is not enabled!
[   52.780435] Serial: 8250/16550 driver, 32 ports, IRQ sharing enabled
[   54.036602] 00:02: ttyS0 at I/O 0x3f8 (irq = 4, base_baud = 115200) is a 16550A
[   54.492452] Linux agpgart interface v0.103
[   54.729471] loop: module loaded
[   54.729916] scsi host0: ata_piix
[   54.729958] scsi host1: ata_piix
[   54.729983] ata1: PATA max UDMA/33 cmd 0x1f0 ctl 0x3f6 bmdma 0xd000 irq 14
[   54.729984] ata2: PATA max UDMA/33 cmd 0x170 ctl 0x376 bmdma 0xd008 irq 15
[   54.730043] libphy: Fixed MDIO Bus: probed
[   54.730045] tun: Universal TUN/TAP device driver, 1.6
[   54.730045] tun: (C) 1999-2004 Max Krasnyansky <maxk@qualcomm.com>
[   54.730073] PPP generic driver version 2.4.2
[   54.730112] ehci_hcd: USB 2.0 'Enhanced' Host Controller (EHCI) Driver
[   54.730115] ehci-pci: EHCI PCI platform driver
[   54.730126] ehci-platform: EHCI generic platform driver
[   54.730133] ohci_hcd: USB 1.1 'Open' Host Controller (OHCI) Driver
[   54.730135] ohci-pci: OHCI PCI platform driver
[   54.730141] ohci-platform: OHCI generic platform driver
[   54.730148] uhci_hcd: USB Universal Host Controller Interface driver
[   54.730191] i8042: PNP: PS/2 Controller [PNP0303:PS2K,PNP0f03:PS2M] at 0x60,0x64 irq 1,12
[   54.731395] ACPI: Battery Slot [BAT0] (battery present)
[   54.886826] serio: i8042 KBD port at 0x60,0x64 irq 1
[   54.886834] serio: i8042 AUX port at 0x60,0x64 irq 12
[   54.887043] mousedev: PS/2 mouse device common for all mice
[   54.887396] rtc_cmos rtc_cmos: rtc core: registered rtc_cmos as rtc0
[   54.887440] rtc_cmos rtc_cmos: alarms up to one day, 114 bytes nvram
[   54.887446] i2c /dev entries driver
[   54.887494] device-mapper: uevent: version 1.0.3
[   54.887534] device-mapper: ioctl: 4.34.0-ioctl (2015-10-28) initialised: dm-devel@redhat.com
[   54.887552] ledtrig-cpu: registered to indicate activity on CPUs
[   54.887768] NET: Registered protocol family 10
[   54.887883] NET: Registered protocol family 17
[   54.887929] Key type dns_resolver registered
[   55.024405] microcode: CPU0 sig=0x906e9, pf=0x2, revision=0x0
[   55.024516] microcode: CPU1 sig=0x906e9, pf=0x2, revision=0x0
[   55.024584] microcode: Microcode Update Driver: v2.01 <tigran@aivazian.fsnet.co.uk>, Peter Oruba
[   55.024686] registered taskstats version 1
[   55.024698] Loading compiled-in X.509 certificates
[   55.025156] Loaded X.509 cert 'Build time autogenerated kernel key: aa84f01984fbd529c105810b59e379d349698248'
[   55.025175] zswap: loaded using pool lzo/zbud
[   55.026675] Key type trusted registered
[   55.029287] Key type encrypted registered
[   55.029292] AppArmor: AppArmor sha1 policy hashing enabled
[   55.029294] ima: No TPM chip found, activating TPM-bypass!
[   55.029307] evm: HMAC attrs: 0x1
[   55.029623]   Magic number: 6:163:402
[   55.055839] rtc_cmos rtc_cmos: setting system clock to 2018-02-27 22:22:58 UTC (1519770178)
[   55.055952] BIOS EDD facility v0.16 2004-Jun-25, 0 devices found
[   55.055952] EDD information not available.
[   55.653143] input: AT Translated Set 2 keyboard as /devices/platform/i8042/serio0/input/input2
[   64.200461] Freeing unused kernel memory: 1508K
[   64.403033] Write protecting the kernel read-only data: 14336k
[   64.477037] Freeing unused kernel memory: 1700K
[   64.616601] Freeing unused kernel memory: 104K
Loading, please [   64.763762] random: systemd-udevd: uninitialized urandom read (16 bytes read, 7 bits of entropy available)
wait...
startin[   64.764326] random: udevadm: uninitialized urandom read (16 bytes read, 7 bits of entropy available)
g version 229
[   64.764348] random: udevadm: uninitialized urandom read (16 bytes read, 7 bits of entropy available)
[   64.775059] random: udevadm: uninitialized urandom read (16 bytes read, 7 bits of entropy available)
[   64.775103] random: udevadm: uninitialized urandom read (16 bytes read, 7 bits of entropy available)
[   64.775253] random: udevadm: uninitialized urandom read (16 bytes read, 7 bits of entropy available)
[   64.775309] random: udevadm: uninitialized urandom read (16 bytes read, 7 bits of entropy available)
[   64.775364] random: udevadm: uninitialized urandom read (16 bytes read, 7 bits of entropy available)
[   64.775422] random: udevadm: uninitialized urandom read (16 bytes read, 7 bits of entropy available)
[   64.775476] random: udevadm: uninitialized urandom read (16 bytes read, 7 bits of entropy available)
[   67.128429] e1000: Intel(R) PRO/1000 Network Driver - version 7.3.21-k8-NAPI
[   67.333811] e1000: Copyright (c) 1999-2006 Intel Corporation.
[   67.375512] Fusion MPT base driver 3.04.20
[   67.405288] Copyright (c) 1999-2008 LSI Corporation
[   67.493260] Fusion MPT SPI Host driver 3.04.20
[   67.606117] AVX2 version of gcm_enc/dec engaged.
[   67.736383] AES CTR mode by8 optimization enabled
[   67.977913] e1000 0000:00:03.0 eth0: (PCI:33MHz:32-bit) 02:27:b7:20:75:f7
[   68.150841] e1000 0000:00:03.0 eth0: Intel(R) PRO/1000 Network Connection
[   68.431645] mptbase: ioc0: Initiating bringup
[   68.432310] e1000 0000:00:03.0 enp0s3: renamed from eth0
[   68.527015] input: ImExPS/2 Generic Explorer Mouse as /devices/platform/i8042/serio1/input/input4
[   68.737263] ioc0: LSI53C1030 A0: Capabilities={Initiator}
[   69.159933] scsi host2: ioc0: LSI53C1030 A0, FwRev=00000000h, Ports=1, MaxQ=256, IRQ=20
[   69.580760] scsi 2:0:0:0: Direct-Access     VBOX     HARDDISK         1.0  PQ: 0 ANSI: 5
[   69.629267] scsi target2:0:0: Beginning Domain Validation
[   69.655713] scsi target2:0:0: Domain Validation skipping write tests
[   69.805554] scsi target2:0:0: Ending Domain Validation
[   69.977384] scsi target2:0:0: asynchronous
[   70.074279] scsi 2:0:1:0: Direct-Access     VBOX     HARDDISK         1.0  PQ: 0 ANSI: 5
[   70.320751] scsi target2:0:1: Beginning Domain Validation
[   70.490616] scsi target2:0:1: Domain Validation skipping write tests
[   70.696527] scsi target2:0:1: Ending Domain Validation
[   70.731777] floppy0: no floppy controllers found
[   70.763328] scsi target2:0:1: asynchronous
[   70.880598] sd 2:0:0:0: Attached scsi generic sg0 type 0
[   70.880968] sd 2:0:0:0: [sda] 20971520 512-byte logical blocks: (10.7 GB/10.0 GiB)
[   70.881196] sd 2:0:0:0: [sda] Write Protect is off
[   70.881273] sd 2:0:0:0: [sda] Incomplete mode parameter data
[   70.881274] sd 2:0:0:0: [sda] Assuming drive cache: write through
[   71.058738]  sda: sda1
[   71.059685] sd 2:0:0:0: [sda] Attached SCSI disk
[   71.931914] sd 2:0:1:0: [sdb] 20480 512-byte logical blocks: (10.5 MB/10.0 MiB)
[   72.148987] sd 2:0:1:0: Attached scsi generic sg1 type 0
[   72.310227] sd 2:0:1:0: [sdb] Write Protect is off
[   73.270790] sd 2:0:1:0: [sdb] Incomplete mode parameter data
[   74.539298] sd 2:0:1:0: [sdb] Assuming drive cache: write through
[   74.715877] sd 2:0:1:0: [sdb] Attached SCSI disk
Begin: Loading e[   76.147949] md: linear personality registered for level -1
ssential drivers[   76.309756] md: multipath personality registered for level -4
 ... [   76.366107] md: raid0 personality registered for level 0
[   76.523540] md: raid1 personality registered for level 1
[   76.708321] raid6: sse2x1   gen() 10913 MB/s
[   76.892322] raid6: sse2x1   xor()  8082 MB/s
[   77.072358] raid6: sse2x2   gen() 13886 MB/s
[   77.252625] raid6: sse2x2   xor()  7974 MB/s
[   77.428141] raid6: sse2x4   gen() 14634 MB/s
[   77.580607] raid6: sse2x4   xor() 10463 MB/s
[   77.764353] raid6: avx2x1   gen() 21759 MB/s
[   77.956263] raid6: avx2x2   gen() 24824 MB/s
[   78.124564] raid6: avx2x4   gen() 27542 MB/s
[   78.258820] raid6: using algorithm avx2x4 gen() 27542 MB/s
[   78.408432] raid6: using avx2x2 recovery algorithm
[   78.538354] xor: automatically using best checksumming function:
[   78.616101]    avx       : 21020.000 MB/sec
[   78.774119] async_tx: api initialized (async)
[   78.911128] md: raid6 personality registered for level 6
[   79.040926] md: raid5 personality registered for level 5
[   79.158141] md: raid4 personality registered for level 4
[   79.334342] md: raid10 personality registered for level 10
done.
Begin: Running[   79.531019] Btrfs loaded
 /scripts/init-premount ... done.
Begin: Mounti[   79.623323] EXT4-fs (sda1): mounted filesystem with ordered data mode. Opts: (null)
ng root file system ... Begin: Running /scripts/local-top ... done.
Begin: Running /scripts/local-premount ... Scanning for Btrfs filesystems
done.
Warning: fsck not present, so skipping root file system
done.
Begin: Running /scripts/local-bottom ... done.
Begin: Running /scripts/init-bottom ... done.
[   79.967283] systemd[1]: systemd 229 running in system mode. (+PAM +AUDIT +SELINU  +IMA +APPARMOR +SMACK +SYSVINIT +UTMP +LIBCRYPTSETUP +GCRYPT +GNUTLS +ACL +XZ -LZ4 +SECCOMP +BLKI  EELFUTILS +KMOD -IDN)
[   80.740742] systemd[1]: Detected virtualization oracle.
[   80.798705] systemd[1]: Detected architecture x86-64.

Welcome to [1mUbuntu 16.04.4 LTS[0m!

[   80.868816] systemd[1]: Set hostname to <ubuntu>.
[   81.045006] systemd[1]: Initializing machine ID from random generator.
[   81.300056] systemd[1]: Isstalled transient /etc/machine-id file.
[   81.583147] random: nonblocking pool is initialized
[   81.926089] systemd[1]: Listening on Syslog Socket.
[[0;32m  OK  [0m] Listening on Syslog Socket.
[   82.003333] systemd[1]: Created slice System Slice.
[[0;32m  OK  [0m] Created slice System Slice.
[   82.088855] systemd[1]: Listening on /dev/initctl ooppttibility Named Pipe.
[[0;32m  OK  [0m] Listening on /dev/initctl Compatibility Named Pipe.
[   82.481389] systemd[1]: Created slice User and Session Slice.
[[0;32m  OK  [0m] Created slice User and Session Slice.
[   82.664780] systemd[1]: Listening on udev Control Socket.
[[0;32m  OK  [0m] Listening on udev Control Socket.
[   82.840933] systemd[1]: Reached target Slices.
[[0;32m  OK  [0m] Reached target Slices.
[   83.008422] systemd[1]: Listening on Journal Socket.
[[0;32m  OK  [0m] Listening on Journal Socket.
[   83.088496] systemd[1]: Starting Uncomplicated firewall...
         Starting Uncomplicated firewall...
[   83.308320] systemd[1]: Starting Create list of required static device nodes for the current kernel...
         Starting Create list of required st... nodes for the current kernel...
[   83.640802] systemd[1]: Starting Remount Root and Kernel File Systems...
[   83.647512] EXT4-fs (sda1): re-mounted. Opts: (null)
         Starting Remount Root and Kernel File Systems...
[   83.980860] systemd[1]: Mounting POSIX Message Queue File System...
         Mounting POSIX Message Queue File System...
[   84.080622] systemd[1]: Starting Load Kernel Modules...
[   84.1954]Lodi iSIrapo css2.87
         Startin[   84.625281] iscsi: registered transport (tcp)
g Load Kernel Modules...
[   84.782019] systemd[1]: Set up automount Arbitrary Executable File Formats File System Automount Point.
[[0;32m  OK  [0m] Set up automo[   85.040716] iscsi: registered transport (iser)
unt Arbitrary Executab...ats File System Automount Point.
[   85.929427] systemd[1]: Listening on Journal Audit Socket.
[[0;32m  OK  [0m] Listening on Journal Audit Socket.
[   86.052952] systemd[1]: Reached target Swap.
[[0;32m  OK  [0m] Reached target Swap.
[   86.216700] systemd[1]: Starting Nameserver information manager...
         Starting Nameserver information manager...
[   86.394195] systemd[1]: Listening on Journal Socket (/dev/log).
[[0;32m  OK  [0m] Listening on Journal Socket (/dev/log).
[   86.621029] systemd[1]: Starting Set console keymap...
         Starting Set console keymap...
[   86.804971] systemd[1]: Listening on udev Kernel Socket.
[[0;32m  OK  [0m] Listening on udev Kernel Socket.
[   86.980709] systemd[1]: Starting Journal Service...
         Starting Journal Service...
[   87.076468] systemd[1]: Started Forward Password Requests to Wall Directory Watch.
[[0;32m  OK  [0m] Started Forward Password Requests to Wall Directory Watch.
[   87.384677] systemd[1]: Mounting Debug File System...
         Mounting Debug File System...
[   87.516236] systemd[1]: Mounting Huge Pages File System...
         Mounting Huge Pages File System...
[   87.672987] systemd[1]: Started Trigger resolvconf update for networkd DNS.
[[0;32m  OK  [0m] Started Trigger resolvconf update for networkd DNS.
[   88.009168] systemd[1]: Listening on Device-mapper event daemon FIFOs.
[[0;32m  OK  [0m] Listening on Device-mapper event daemon FIFOs.
[   88.317641] systemd[1]: Listening on LVM2 poll daemon socket.
[[0;32m  OK  [0m] Listening on LVM2 poll daemon socket.
[   88.520886] systemd[1]: Created slice system-serial\x2dgetty.slice.
[[0;32m  OK  [0m] Created slice system-serial\x2dgetty.slice.
[   88.633245] systemd[1]: Listening on LVM2 metadata daemon socket.
[[0;32m  OK  [0m] Listening on LVM2 metadata daemon socket.
[   88.740377] systemd[1]: Starting Monitoring of LVM2 mirrors, snapshots etc. using dmeventd or progress polling...
         Starting Monitoring of LVM2 mirrors... dmeventd or progress polling...
[   88.846608] systemd[1]: Reached target Encrypted Volumes.
[[0;32m  OK  [0m] Reached target Encrypted Volumes.
[   89.025178] systemd[1]: Reached target User and Group Name Lookups.
[[0;32m  OK  [0m] Reached target User and Group Name Lookups.
[   89.181346] systemd[1]: Mounted POSIX Message Queue File System.
[[0;32m  OK  [0m] Mounted POSIX Message Queue File System.
[   89.392449] systemd[1]: Mounted Huge Pages File System.
[[0;32m  OK  [0m] Mounted Huge Pages File System.
[   89.652580] systemd[1]: Mounted Debug File System.
[[0;32m  OK  [0m] Mounted Debug File System.
[   89.728524] systemd[1]: Started Journal Service.
[[[0;32m  OK  [0m] Started Journal Service.
[[0;32m  OK  [0m] Started Uncomplicated firewall.
[[0;32m  OK  [0m] Started Create list of required sta...ce nodes for the current kernel.
[[0;32m  OK  [0m] Started Remount Root and Kernel File Systems.
[[0;32m  OK  [0m] Started Load Kernel Modules.
[[0;32m  OK  [0m] Started Set console keymap.
[[0;32m  OK  [0m] Started Nameserver information manager.
[[0;32m  OK  [0m] Started LVM2 metadata daemon.
         Mounting FUSE Control File System...
         Starting Apply Kernel Variables...
         Starting Load/Save Random Seed...
         Starting udev Coldplug all Devices...
         Starting Initial cloud-init job (pre-networking)...
         Starting Create Static Device Nodes in /dev...
         Starting Flush Journal to Persistent Storage...
[[0;32m  OK  [0m] Mounted FUSE Control File System.
[[0;32m  OK  [0m] Started Monitoring of LVM2 mirrors,...ng dmeventd or progress polling.
[[0;32m  OK  [0m] Started Apply Kernel Variables.
[[0;32m  OK  [0m] Started Load/Save Random Seed.
[[0;32m  OK  [0m] Started Create Static Device Nodes in /dev.
[[0;32m  OK  [0m] Started udev Coldplug all Devices.
[[0;32m  OK  [0m] Started Flush Journal to Persistent Storage.
         Starting udev Kernel Device Manager...
[[0;32m  OK  [0m] Started udev Kernel Device Manager.
[[0;32m  OK  [0m] Started Dispatch Password Requests to Console Directory Watch.
[[0;32m  OK  [0m] Reached target Local File Systems (Pre).
[[0;32m  OK  [0m] Reached target Local File Systems.
[   45.715235] cloud-init[452]: Cloud-init v. 17.1 running 'init-local' at Tue, 27 Feb 2018 22:23:34 +0000. Up 45.49 seconds.
         Starting LSB: AppArmor initialization...
         Starting Create Volatile Files and Directories...
         Starting Tell Plymouth To Write Out Runtime Data...
         Starting Commit a transient machine-id on disk...
         Starting Set console font and keymap...
[[0;32m  OK  [0m] Started Create Volatile Files and Directories.
[[0;32m  OK  [0m] Started Tell Plymouth To Write Out Runtime Data.
[[0;32m  OK  [0m] Started Commit a transient machine-id on disk.
[[0;32m  OK  [0m] Started Initial cloud-init job (pre-networking).
[[0;32m  OK  [0m] Found device /dev/ttyS0.
[[0;32m  OK  [0m] Listening on Load/Save RF Kill Switch Status /dev/rfkill Watch.
[[0;32m  OK  [0m] Reached target Network (Pre).
[[0;32m  OK  [0m] Reached target System Time Synchronized.
         Starting Update UTMP about System Boot/Shutdown...
[[0;32m  OK  [0m] Started LSB: AppArmor initialization.
[[0;32m  OK  [0m] Started Set console font and keymap.
[[0;32m  OK  [0m] Started Update UTMP about System Boot/Shutdown.
[[0;32m  OK  [0m] Created slice system-getty.slice.
         Starting Raise network interfaces...
[[0;32m  OK  [0m] Started ifup for enp0s3.
[[0;32m  OK  [0m] Started Raise network interfaces.
[[0;32m  OK  [0m] Reached target Network.
         Starting Initial cloud-init job (metadata service crawler)...
[   49.729206] cloud-init[951]: Cloud-init v. 17.1 running 'init' at Tue, 27 Feb 2018 22:23:38 +0000. Up 49.21 seconds.
[[0;32m  OK  [0m] Started Initial cloud-init job (metadata service crawler).
[[0;32m  OK  [0m] Reached target Network is Online.
[   49.858809] cloud-init[951]: ci-info: +++++++++++++++++++++++++++++++++++++Net device info++++++++++++++++++++++++++++++++++++++
[   50.060599] cloud-init[951]: ci-info: +--------+------+----------------------------+---------------+-------+-------------------+
[   50.061072] cloud-init[951]: ci-info: | Device |  Up  |          Address           |      Mask     | Scope |     Hw-Address    |
         Starting iSCSI initiator daemon (iscsid)...
[   50.061302] cloud-init[951]: ci-info: +--------+------+----------------------------+---------------+-------+-------------------+
[   50.340959] cloud-init[951]: ci-info: | enp0s3 | True |         10.0.2.15          | 255.255.255.0 |   .   | 02:27:b7:20:75:f7 |
[[0;32m  OK  [0m] Reached target System Initialization.
[[   50.341176] cloud-init[951]: ci-info: | enp0s3 | True | fe80::27:b7ff:fe20:75f7/64 |       .       |  link | 02:27:b7:20:75:f7 |
[   50.593659] cloud-init[951]: ci-info: |   lo   | True |         127.0.0.1          |   255.0.0.0   |   .   |         .         |
[0;32m  OK  [0m] Started Timer to automatically refresh installed snaps.
[[   50.593814] cloud-init[951]: ci-info: |   lo   | True |          ::1/128           |       .       |  host |         .         |
[   50.929105] cloud-init[951]: ci-info: +--------+------+----------------------------+---------------+-------+-------------------+
[0;32m  OK  [0m] Listening on UUID daemon activation socket.
[[   50.929240] cloud-init[951]: ci-info: +++++++++++++++++++++++++++Route IPv4 info++++++++++++++++++++++++++++
[   51.355460] cloud-init[951]: ci-info: +-------+-------------+----------+---------------+-----------+-------+
[   51.355619] cloud-init[951]: ci-info: | Route | Destination | Gateway  |    Genmask    | Interface | Flags |
[   51.355809] cloud-init[951]: ci-info: +-------+-------------+----------+---------------+-----------+-------+
[   51.356048] cloud-init[951]: ci-info: |   0   |   0.0.0.0   | 10.0.2.2 |    0.0.0.0    |   enp0s3  |   UG  |
[   51.356202] cloud-init[951]: ci-info: |   1   |   10.0.2.0  | 0.0.0.0  | 255.255.255.0 |   enp0s3  |   U   |
[   51.356391] cloud-init[951]: ci-info: +-------+-------------+----------+---------------+-----------+-------+
[   51.356826] cloud-init[951]: Generating public/private rsa key pair.
[   51.356987] cloud-init[951]: Your identification has been saved in /etc/ssh/ssh_host_rsa_key.
[   51.357173] cloud-init[951]: Your public key has been saved in /etc/ssh/ssh_host_rsa_key.pub.
[   51.357370] cloud-init[951]: The key fingerprint is:
[   51.357558] cloud-init[951]: SHA256:yIsxmR/MEcfBRCX1/uXbvJPimG/V8XWmxpS9v2rVxmU root@ubuntu-xenial
[   51.357762] cloud-init[951]: The key's randomart image is:
[   51.357950] cloud-init[951]: +---[RSA 2048]----+
[   51.358138] cloud-init[951]: |      .=*+o      |
[   51.358359] cloud-init[951]: |       oo. .     |
[   51.358547] cloud-init[951]: |      .     .  o |
[   51.358735] cloud-init[951]: |     * o   .  o.E|
[   51.359000] cloud-init[951]: |    = * S   .o =@|
[   51.359230] cloud-init[951]: |     = o     .+**|
[   51.359437] cloud-init[951]: |    . o      .+.+|
[   51.359622] cloud-init[951]: |            o+ ++|
[   51.359811] cloud-init[951]: |           o=+o+*|
[   51.360016] cloud-init[951]: +----[SHA256]-----+
[0;32m  OK  [0m] Listening on ACPID Listen Socket.
[   51.360283] cloud-init[951]: Generating public/private dsa key pair.
[   52.584830] cloud-init[951]: Your identification has been saved in /etc/ssh/ssh_host_dsa_key.
[   52.585367] cloud-init[951]: Your public key has been saved in /etc/ssh/ssh_host_dsa_key.pub.
[[0;32m  OK  [0m] Started ACPI Events Check.
[[   52.585657] cloud-init[951]: The key fingerprint is:
[   52.753932] cloud-init[0;32m  OK  [0m[951]: ] SHA256:rcCzjKnCIdUnh/pwE5ZBmpPah93SJMyZWtmiHovBEIw root@ubuntu-xenialReached target Paths.

[   52.754125] cloud-init[951]: The key's randomart image is:
[   52.900806] cloud-init[951]: +---[DSA 1024]----+
[[0;32m  OK  [0m] Started Daily Cleanup of Temporary Directories.
[[   52.901048] cloud-init[951]: |+  ..            |
[   53.000947] cloud-init[951]: |Eo *.=           |
[0;32m  OK  [0m] Started Daily apt download activities.
[   53.001165] cloud-init[951]: |. =.X+o          |
         Starting Socket activation for snappy daemon.
[   53.121802] cloud-init[951]: |oo.BBBo  .       |
[   53.378993] cloud-init[951]: |oo*o+=* S .      ||
[   53.379423] cloud-init[951]: |.=o+o= + .       |
         Starting LXD - unix socket.
[[   53.379738] cloud-init[951]: |+ ++o.o .        |
[   53.489089] cloud-init[951]: |.. ..            |
[0;32m  OK  [0m] Started Daily apt upgrade and clean activities.
[   53.489352] cloud-init[951]: | ..              |
[   53.585116] cloud-init[951]: +----[SHA256]-----+
[[0;32m  OK  [0m] Reached target Timers.
[[   53.585377] cloud-init[951]: Generating public/private ecdsa key pair.
[0;32m  OK  [0m] Listening on D-Bus System Message Bus Socket.
[   53.701182] cloud-init[951]: Your identification has been saved in /etc/ssh/ssh_host_ecdsa_key.
[[0;32m  OK  [0m[   53.829515] ] cloud-initReached target Cloud-config availability.[951]: 
Your public key has been saved in /etc/ssh/ssh_host_ecdsa_key.pub.
[   53.829777] cloud-init[951]: The key fingerprint is:
[   54.100623] cloud-init[951]: SHA256:qirmOkcSy743TJniBPnN37YczIu8SAyxu8Z6Xm84u8g root@ubuntu-xenial
[   54.100969] cloud-init[951]: The key's randomart image is:
[[0;32m  OK  [0m] Listening on Socket activation for snappy daemon.
[[   54.101216] cloud-init[951]: +---[ECDSA 256]---+
[   54.206351] cloud-init[951]: |                 |
[   54.206511] cloud-init[951]: |                 |
[   54.206698] cloud-init[951]: | ..              |
[   54.206895] cloud-init[951]: |+  o             |
[   54.207080] cloud-init[951]: |o+ooo   S        |
[   54.207271] cloud-init[951]: |o+oBo  +         |
[   54.207464] cloud-init[951]: |++= +o..+        |
[   54.207656] cloud-init[951]: |o==Oo=oooo       |
[   54.207848] cloud-init[951]: |*@E.*==o+.       |
[   54.208088] cloud-init[951]: +----[SHA256]-----+
[   54.208243] cloud-init[951]: Generating public/private ed25519 key pair.
[   54.208433] cloud-init[951]: Your identification has been saved in /etc/ssh/ssh_host_ed25519_key.
[   54.208634] cloud-init[951]: Your public key has been saved in /etc/ssh/ssh_host_ed25519_key.pub.
[   54.208820] cloud-init[951]: The key fingerprint is:
[   54.209006] cloud-init[951]: SHA256:HiJ/cVYDsLvOze08tPaO4sxN9q5ZoRSFYcAyMvU5lj4 root@ubuntu-xenial
[   54.209197] cloud-init[951]: The key's randomart image is:
[   54.209378] cloud-init[951]: +--[ED25519 256]--+
[   54.209563] cloud-init[951]: |       .ooo.oo.  |
[   54.209750] cloud-init[951]: |      o oo.=..   |
[   54.209937] cloud-init[951]: |       o.o* +    |
[   54.210122] cloud-init[951]: |         + o o   |
[   54.210309] cloud-init[951]: |    . . S E . .  |
[   54.210497] cloud-init[951]: |     o o * o.. . |
[   54.210682] cloud-init[951]: |      . +  .+..  |
[   54.210867] cloud-init[951]: |       + =.*+=   |
[   54.211293] cloud-init[951]: |        o.*+O*=  |
[   54.211433] cloud-init[951]: +----[SHA256]-----+
[0;32m  OK  [0m] Listening on LXD - unix socket.
[[0;32m  OK  [0m] Started iSCSI initiator daemon (iscsid).
         Starting Login to default iSCSI targets...
[[0;32m  OK  [0m] Reached target Sockets.
[[0;32m  OK  [0m] Reached target Basic System.
         Starting LSB: Record successful boot for GRUB...
         Starting Login Service...
[[0;32m  OK  [0m] Started Deferred execution scheduler.
[[0;32m  OK  [0m] Started Regular background program processing daemon.
[[0;32m  OK  [0m] Started ACPI event daemon.
[[0;32m  OK  [0m] Started D-Bus System Message Bus.
[[0;32m  OK  [0m] Started FUSE filesystem for LXC.
         Starting Apply the settings specified in cloud-config...
         Starting Pollinate to seed the pseudo random number generator...
         Starting System Logging Service...
         Starting LSB: MD monitoring daemon...
         Starting LXD - container startup/shutdown...
[[0;32m  OK  [0m] Started Unattended Upgrades Shutdown.
         Starting /etc/rc.local Compatibility...
[   56.114471] cloud-init[1075]: Generating locales (this might take a while)...
         Starting Snappy daemon...
         Starting Accounts Service...
[[0;32m  OK  [0m] Started System Logging Service.
[[0;32m  OK  [0m] Started Snappy daemon.
[[0;32m  OK  [0m] Started Pollinate to seed the pseudo random number generator.
[[0;32m  OK  [0m] Started LXD - container startup/shutdown.
[[0;32m  OK  [0m] Started /etc/rc.local Compatibility.
[[0;32m  OK  [0m] Started LSB: Record successful boot for GRUB.
[[0;32m  OK  [0m] Started Login to default iSCSI targets.
[[0;32m  OK  [0m] Started LSB: MD monitoring daemon.
[[0;32m  OK  [0m] Started Login Service.
         Starting Authenticate and Authorize Users to Run Privileged Tasks...
[[0;32m  OK  [0m] Reached target Remote File Systems (Pre).
[   56.949897] [cloud-init[0;32m  OK  [0m[1075]: ]   en_US.UTF-8... doneReached target Remote File Systems.

[   57.088581] cloud-init[1075]: Generation complete.
         Starting LSB: automatic crash report generation...
         Starting LSB: Set the CPU Frequency Scaling governor to "ondemand"...
[   57.237007] cloud-init[1075]: Cloud-init v. 17.1 running 'modules:config' at Tue, 27 Feb 2018 22:23:44 +0000. Up 55.97 seconds.
         Starting Permit User Sessions...
         Starting LSB: VirtualBox Linux Additions...
         Starting LSB: daemon to balance interrupts for SMP systems...
         Starting OpenBSD Secure Shell server...
[[0;32m  OK  [0m] Started OpenBSD Secure Shell server.
[[0;32m  OK  [0m] Started Apply the settings specified in cloud-config.
[[0;32m  OK  [0m] Started Permit User Sessions.
[[0;32m  OK  [0m] Started Authenticate and Authorize Users to Run Privileged Tasks.
[[0;32m  OK  [0m] Started Accounts Service.
[[0;32m  OK  [0m] Started LSB: Set the CPU Frequency Scaling governor to "ondemand".
[[0;32m  OK  [0m] Started LSB: automatic crash report generation.
[[0;32m  OK  [0m] Created slice User Slice of vagrant.
[[0;32m  OK  [0m] Started Session 1 of user vagrant.
         Starting User Manager for UID 1000...
         Starting Hold until boot process finishes up...
         Starting Terminate Plymouth Boot Screen...
[[0;32m  OK  [0m] Started User Manager for UID 1000.
[[0;32m  OK  [0m] Started LSB: VirtualBox Linux Additions.
[[0;32m  OK  [0m] Started LSB: daemon to balance interrupts for SMP systems.
[[0;32m  OK  [0m] Started Hold until boot process finishes up.
[[0;32m  OK  [0m] Started Terminate Plymouth Boot Screen.
[[0;32m  OK  [0m] Started Serial Getty on ttyS0.
[[0;32m  OK  [0m] Started Getty on tty1.
[[0;32m  OK  [0m] Reached target Login Prompts.
         Starting Set console scheme...
[[0;32m  OK  [0m] Reached target Multi-User System.
         Starting Execute cloud user/final scripts...
[[0;32m  OK  [0m] Reached target Graphical Interface.
         Starting Update UTMP about System Runlevel Changes...
[[0;32m  OK  [0m] Started Set console scheme.
[[0;32m  OK  [0m] Started Update UTMP about System Runlevel Changes.
ci-info: no authorized ssh keys fingerprints found for user ubuntu.
<14>Feb 27 22:23:48 ec2: 
<14>Feb 27 22:23:48 ec2: #############################################################
<14>Feb 27 22:23:48 ec2: -----BEGIN SSH HOST KEY FINGERPRINTS-----
<14>Feb 27 22:23:48 ec2: 1024 SHA256:rcCzjKnCIdUnh/pwE5ZBmpPah93SJMyZWtmiHovBEIw root@ubuntu-xenial (DSA)
<14>Feb 27 22:23:48 ec2: 256 SHA256:qirmOkcSy743TJniBPnN37YczIu8SAyxu8Z6Xm84u8g root@ubuntu-xenial (ECDSA)
<14>Feb 27 22:23:48 ec2: 256 SHA256:HiJ/cVYDsLvOze08tPaO4sxN9q5ZoRSFYcAyMvU5lj4 root@ubuntu-xenial (ED25519)
<14>Feb 27 22:23:48 ec2: 2048 SHA256:yIsxmR/MEcfBRCX1/uXbvJPimG/V8XWmxpS9v2rVxmU root@ubuntu-xenial (RSA)
<14>Feb 27 22:23:48 ec2: -----END SSH HOST KEY FINGERPRINTS-----
<14>Feb 27 22:23:48 ec2: #############################################################
-----BEGIN SSH HOST KEY KEYS-----
ecdsa-sha2-nistp256 AAAAE2VjZHNhLXNoYTItbmlzdHAyNTYAAAAIbmlzdHAyNTYAAABBBEPufintniLXuQFVERpf1qlo6BWIbqRT0KIFTBxjxbdD42aZFaIJEkmgMoyLZ2IAA+OblUYCDhLJ0uT2U749JlY= root@ubuntu-xenial
ssh-ed25519 AAAAC3NzaC1lZDI1NTE5AAAAIH8dPYfxMxRKOVmLapi7JzYVZEhDAiI/O/CxcqTxJIAD root@ubuntu-xenial
ssh-rsa AAAAB3NzaC1yc2EAAAADAQABAAABAQDlQpXZMLE2OJIlqmX72k0S42DTdKYLjuNm5f6juBzqcdkynmV8liVax0rEgi+pKpMM2XCeKT4XFbvsCjsN6G8AmYtNRJXoJ4zx0IQM81kXGZLmLndtrWUywUE9dtmJG0RNh+ltJ2pHue8FeKQOwTdHu0koKrPLeIDEn1Reqq0LXg8hpSdsWNCsXmpIopLzZWFf5ZxTa3WgviVMc84Fe0eRY6Yz5AedIwY2N0U3rQLSPr8RvVOmBbMqQlWvFPPKGMoYVNlo0cusKDOzRygeKRJ+LUr9PQ4NUe4wYL26RQeS7MUhtV0MkUkruoaPFeOmq+jXxVPuX1kpBoQFytLTh3DV root@ubuntu-xenial
-----END SSH HOST KEY KEYS-----
[   60.114771] cloud-init[1310]: Cloud-init v. 17.1 running 'modules:final' at Tue, 27 Feb 2018 22:23:47 +0000. Up 59.10 seconds.
[   60.252536] cloud-init[1310]: ci-info: no authorized ssh keys fingerprints found for user ubuntu.
[[0;32m  OK  [0m] Started Execute cloud user/final scripts.
[   60.253284] cloud-init[1310]: Cloud-init v. 17.1 finished at Tue, 27 Feb 2018 22:23:48 +0000. Datasource DataSourceNoCloud [seed=/dev/sdb][dsmode=net].  Up 60.10 seconds
         Stopping User Manager for UID 1000...
[[0;32m  OK  [0m] Reached target Cloud-init target.
[[0;32m  OK  [0m] Stopped User Manager for UID 1000.
[[0;32m  OK  [0m] Removed slice User Slice of vagrant.

Ubuntu 16.04.4 LTS ubuntu-xenial ttyS0

ubuntu-xenial login: 